// Jest Snapshot v1, https://goo.gl/fbAQLP

exports[`MainSection component should render 1`] = `
Object {
  "asFragment": [Function],
  "baseElement": <body>
    <div>
      <div
        class="sc-gsTCUz DRchx"
      >
        <img
          alt="logo"
          class="sc-dlfnbm bfosiP"
          src="logo.jpg"
        />
        <div
          class="sc-hKgILt kVxmdc"
        >
          <h3
            class="sc-eCssSg cEeQki"
          >
             
          </h3>
          <h1
            class="sc-jSgupP eplsmV"
          />
          <p
            class="sc-gKsewC kHFPCQ"
          />
          <p
            class="sc-iBPRYJ bnFpGD"
          >
            <br />
          </p>
          <div
            class="sc-fubCfw byZGmj"
          >
            <button
              class="MuiButtonBase-root MuiButton-root MuiButton-contained sc-bdfBwQ jdtooK"
              tabindex="0"
              type="button"
            >
              <span
                class="MuiButton-label"
              >
                Contact Us
              </span>
              <span
                class="MuiTouchRipple-root"
              />
            </button>
          </div>
        </div>
      </div>
    </div>
  </body>,
  "container": <div>
    <div
      class="sc-gsTCUz DRchx"
    >
      <img
        alt="logo"
        class="sc-dlfnbm bfosiP"
        src="logo.jpg"
      />
      <div
        class="sc-hKgILt kVxmdc"
      >
        <h3
          class="sc-eCssSg cEeQki"
        >
           
        </h3>
        <h1
          class="sc-jSgupP eplsmV"
        />
        <p
          class="sc-gKsewC kHFPCQ"
        />
        <p
          class="sc-iBPRYJ bnFpGD"
        >
          <br />
        </p>
        <div
          class="sc-fubCfw byZGmj"
        >
          <button
            class="MuiButtonBase-root MuiButton-root MuiButton-contained sc-bdfBwQ jdtooK"
            tabindex="0"
            type="button"
          >
            <span
              class="MuiButton-label"
            >
              Contact Us
            </span>
            <span
              class="MuiTouchRipple-root"
            />
          </button>
        </div>
      </div>
    </div>
  </div>,
  "debug": [Function],
  "findAllByAltText": [Function],
  "findAllByDisplayValue": [Function],
  "findAllByLabelText": [Function],
  "findAllByPlaceholderText": [Function],
  "findAllByRole": [Function],
  "findAllByTestId": [Function],
  "findAllByText": [Function],
  "findAllByTitle": [Function],
  "findByAltText": [Function],
  "findByDisplayValue": [Function],
  "findByLabelText": [Function],
  "findByPlaceholderText": [Function],
  "findByRole": [Function],
  "findByTestId": [Function],
  "findByText": [Function],
  "findByTitle": [Function],
  "getAllByAltText": [Function],
  "getAllByDisplayValue": [Function],
  "getAllByLabelText": [Function],
  "getAllByPlaceholderText": [Function],
  "getAllByRole": [Function],
  "getAllByTestId": [Function],
  "getAllByText": [Function],
  "getAllByTitle": [Function],
  "getByAltText": [Function],
  "getByDisplayValue": [Function],
  "getByLabelText": [Function],
  "getByPlaceholderText": [Function],
  "getByRole": [Function],
  "getByTestId": [Function],
  "getByText": [Function],
  "getByTitle": [Function],
  "queryAllByAltText": [Function],
  "queryAllByDisplayValue": [Function],
  "queryAllByLabelText": [Function],
  "queryAllByPlaceholderText": [Function],
  "queryAllByRole": [Function],
  "queryAllByTestId": [Function],
  "queryAllByText": [Function],
  "queryAllByTitle": [Function],
  "queryByAltText": [Function],
  "queryByDisplayValue": [Function],
  "queryByLabelText": [Function],
  "queryByPlaceholderText": [Function],
  "queryByRole": [Function],
  "queryByTestId": [Function],
  "queryByText": [Function],
  "queryByTitle": [Function],
  "rerender": [Function],
  "unmount": [Function],
}
`;
