// Jest Snapshot v1, https://goo.gl/fbAQLP

exports[`Header component should render 1`] = `
Object {
  "asFragment": [Function],
  "baseElement": <body>
    <div>
      <div
        class="header-container"
      >
        <header
          class="MuiPaper-root MuiAppBar-root MuiAppBar-positionFixed MuiAppBar-colorPrimary sc-bdfBwQ mui-fixed MuiPaper-elevation4"
        >
          <div
            class="MuiToolbar-root MuiToolbar-regular sc-gsTCUz fWJebG MuiToolbar-gutters"
          >
            <p
              class="MuiTypography-root sc-dlfnbm dbIros MuiTypography-body1"
            >
              PetBuddy
            </p>
            <div
              class="sc-gKsewC eCvdcS"
            >
              <li
                aria-disabled="false"
                class="MuiButtonBase-root MuiListItem-root MuiMenuItem-root MuiMenuItem-gutters MuiListItem-gutters MuiListItem-button"
                role="menuitem"
                tabindex="-1"
              >
                Cat Services
                <span
                  class="MuiTouchRipple-root"
                />
              </li>
              <li
                aria-disabled="false"
                class="MuiButtonBase-root MuiListItem-root MuiMenuItem-root MuiMenuItem-gutters MuiListItem-gutters MuiListItem-button"
                role="menuitem"
                tabindex="-1"
              >
                Dog Services
                <span
                  class="MuiTouchRipple-root"
                />
              </li>
              <li
                aria-disabled="false"
                class="MuiButtonBase-root MuiListItem-root MuiMenuItem-root MuiMenuItem-gutters MuiListItem-gutters MuiListItem-button"
                role="menuitem"
                tabindex="-1"
              >
                Small Pet Services
                <span
                  class="MuiTouchRipple-root"
                />
              </li>
              <li
                aria-disabled="false"
                class="MuiButtonBase-root MuiListItem-root MuiMenuItem-root MuiMenuItem-gutters MuiListItem-gutters MuiListItem-button"
                role="menuitem"
                tabindex="-1"
              >
                Become a PBuddy
                <span
                  class="MuiTouchRipple-root"
                />
              </li>
              <li
                aria-disabled="false"
                class="MuiButtonBase-root MuiListItem-root MuiMenuItem-root MuiMenuItem-gutters MuiListItem-gutters MuiListItem-button"
                role="menuitem"
                tabindex="-1"
              >
                Contact Us
                <span
                  class="MuiTouchRipple-root"
                />
              </li>
            </div>
            <button
              class="MuiButtonBase-root MuiIconButton-root sc-hKgILt dhwanL"
              tabindex="0"
              type="button"
            >
              <span
                class="MuiIconButton-label"
              >
                <svg
                  aria-hidden="true"
                  class="MuiSvgIcon-root sc-eCssSg kUykmG"
                  focusable="false"
                  viewBox="0 0 24 24"
                >
                  <path
                    d="M3 18h18v-2H3v2zm0-5h18v-2H3v2zm0-7v2h18V6H3z"
                  />
                </svg>
              </span>
              <span
                class="MuiTouchRipple-root"
              />
            </button>
          </div>
        </header>
      </div>
    </div>
  </body>,
  "container": <div>
    <div
      class="header-container"
    >
      <header
        class="MuiPaper-root MuiAppBar-root MuiAppBar-positionFixed MuiAppBar-colorPrimary sc-bdfBwQ mui-fixed MuiPaper-elevation4"
      >
        <div
          class="MuiToolbar-root MuiToolbar-regular sc-gsTCUz fWJebG MuiToolbar-gutters"
        >
          <p
            class="MuiTypography-root sc-dlfnbm dbIros MuiTypography-body1"
          >
            PetBuddy
          </p>
          <div
            class="sc-gKsewC eCvdcS"
          >
            <li
              aria-disabled="false"
              class="MuiButtonBase-root MuiListItem-root MuiMenuItem-root MuiMenuItem-gutters MuiListItem-gutters MuiListItem-button"
              role="menuitem"
              tabindex="-1"
            >
              Cat Services
              <span
                class="MuiTouchRipple-root"
              />
            </li>
            <li
              aria-disabled="false"
              class="MuiButtonBase-root MuiListItem-root MuiMenuItem-root MuiMenuItem-gutters MuiListItem-gutters MuiListItem-button"
              role="menuitem"
              tabindex="-1"
            >
              Dog Services
              <span
                class="MuiTouchRipple-root"
              />
            </li>
            <li
              aria-disabled="false"
              class="MuiButtonBase-root MuiListItem-root MuiMenuItem-root MuiMenuItem-gutters MuiListItem-gutters MuiListItem-button"
              role="menuitem"
              tabindex="-1"
            >
              Small Pet Services
              <span
                class="MuiTouchRipple-root"
              />
            </li>
            <li
              aria-disabled="false"
              class="MuiButtonBase-root MuiListItem-root MuiMenuItem-root MuiMenuItem-gutters MuiListItem-gutters MuiListItem-button"
              role="menuitem"
              tabindex="-1"
            >
              Become a PBuddy
              <span
                class="MuiTouchRipple-root"
              />
            </li>
            <li
              aria-disabled="false"
              class="MuiButtonBase-root MuiListItem-root MuiMenuItem-root MuiMenuItem-gutters MuiListItem-gutters MuiListItem-button"
              role="menuitem"
              tabindex="-1"
            >
              Contact Us
              <span
                class="MuiTouchRipple-root"
              />
            </li>
          </div>
          <button
            class="MuiButtonBase-root MuiIconButton-root sc-hKgILt dhwanL"
            tabindex="0"
            type="button"
          >
            <span
              class="MuiIconButton-label"
            >
              <svg
                aria-hidden="true"
                class="MuiSvgIcon-root sc-eCssSg kUykmG"
                focusable="false"
                viewBox="0 0 24 24"
              >
                <path
                  d="M3 18h18v-2H3v2zm0-5h18v-2H3v2zm0-7v2h18V6H3z"
                />
              </svg>
            </span>
            <span
              class="MuiTouchRipple-root"
            />
          </button>
        </div>
      </header>
    </div>
  </div>,
  "debug": [Function],
  "findAllByAltText": [Function],
  "findAllByDisplayValue": [Function],
  "findAllByLabelText": [Function],
  "findAllByPlaceholderText": [Function],
  "findAllByRole": [Function],
  "findAllByTestId": [Function],
  "findAllByText": [Function],
  "findAllByTitle": [Function],
  "findByAltText": [Function],
  "findByDisplayValue": [Function],
  "findByLabelText": [Function],
  "findByPlaceholderText": [Function],
  "findByRole": [Function],
  "findByTestId": [Function],
  "findByText": [Function],
  "findByTitle": [Function],
  "getAllByAltText": [Function],
  "getAllByDisplayValue": [Function],
  "getAllByLabelText": [Function],
  "getAllByPlaceholderText": [Function],
  "getAllByRole": [Function],
  "getAllByTestId": [Function],
  "getAllByText": [Function],
  "getAllByTitle": [Function],
  "getByAltText": [Function],
  "getByDisplayValue": [Function],
  "getByLabelText": [Function],
  "getByPlaceholderText": [Function],
  "getByRole": [Function],
  "getByTestId": [Function],
  "getByText": [Function],
  "getByTitle": [Function],
  "queryAllByAltText": [Function],
  "queryAllByDisplayValue": [Function],
  "queryAllByLabelText": [Function],
  "queryAllByPlaceholderText": [Function],
  "queryAllByRole": [Function],
  "queryAllByTestId": [Function],
  "queryAllByText": [Function],
  "queryAllByTitle": [Function],
  "queryByAltText": [Function],
  "queryByDisplayValue": [Function],
  "queryByLabelText": [Function],
  "queryByPlaceholderText": [Function],
  "queryByRole": [Function],
  "queryByTestId": [Function],
  "queryByText": [Function],
  "queryByTitle": [Function],
  "rerender": [Function],
  "unmount": [Function],
}
`;
