// Jest Snapshot v1, https://goo.gl/fbAQLP

exports[`Reviews component should render 1`] = `
Object {
  "asFragment": [Function],
  "baseElement": <body>
    <div>
      <div
        class="sc-bdfBwQ dgtmWP review-container"
      >
        <svg
          aria-hidden="true"
          class="MuiSvgIcon-root sc-dlfnbm edgDTe"
          focusable="false"
          viewBox="0 0 24 24"
        >
          <path
            d="M6 17h3l2-4V7H5v6h3zm8 0h3l2-4V7h-6v6h3z"
          />
        </svg>
        <div
          class="sc-gsTCUz hoQEOd"
        >
          <p
            class="sc-hKgILt ecAgoU"
          />
          <p
            class="sc-hKgILt ecAgoU"
          />
        </div>
      </div>
    </div>
  </body>,
  "container": <div>
    <div
      class="sc-bdfBwQ dgtmWP review-container"
    >
      <svg
        aria-hidden="true"
        class="MuiSvgIcon-root sc-dlfnbm edgDTe"
        focusable="false"
        viewBox="0 0 24 24"
      >
        <path
          d="M6 17h3l2-4V7H5v6h3zm8 0h3l2-4V7h-6v6h3z"
        />
      </svg>
      <div
        class="sc-gsTCUz hoQEOd"
      >
        <p
          class="sc-hKgILt ecAgoU"
        />
        <p
          class="sc-hKgILt ecAgoU"
        />
      </div>
    </div>
  </div>,
  "debug": [Function],
  "findAllByAltText": [Function],
  "findAllByDisplayValue": [Function],
  "findAllByLabelText": [Function],
  "findAllByPlaceholderText": [Function],
  "findAllByRole": [Function],
  "findAllByTestId": [Function],
  "findAllByText": [Function],
  "findAllByTitle": [Function],
  "findByAltText": [Function],
  "findByDisplayValue": [Function],
  "findByLabelText": [Function],
  "findByPlaceholderText": [Function],
  "findByRole": [Function],
  "findByTestId": [Function],
  "findByText": [Function],
  "findByTitle": [Function],
  "getAllByAltText": [Function],
  "getAllByDisplayValue": [Function],
  "getAllByLabelText": [Function],
  "getAllByPlaceholderText": [Function],
  "getAllByRole": [Function],
  "getAllByTestId": [Function],
  "getAllByText": [Function],
  "getAllByTitle": [Function],
  "getByAltText": [Function],
  "getByDisplayValue": [Function],
  "getByLabelText": [Function],
  "getByPlaceholderText": [Function],
  "getByRole": [Function],
  "getByTestId": [Function],
  "getByText": [Function],
  "getByTitle": [Function],
  "queryAllByAltText": [Function],
  "queryAllByDisplayValue": [Function],
  "queryAllByLabelText": [Function],
  "queryAllByPlaceholderText": [Function],
  "queryAllByRole": [Function],
  "queryAllByTestId": [Function],
  "queryAllByText": [Function],
  "queryAllByTitle": [Function],
  "queryByAltText": [Function],
  "queryByDisplayValue": [Function],
  "queryByLabelText": [Function],
  "queryByPlaceholderText": [Function],
  "queryByRole": [Function],
  "queryByTestId": [Function],
  "queryByText": [Function],
  "queryByTitle": [Function],
  "rerender": [Function],
  "unmount": [Function],
}
`;
